
> frontend@0.0.0 build
> tsc -b && vite build

[33mYou are using Node.js 20.14.0. Vite requires Node.js version 20.19+ or 22.12+. Please upgrade your Node.js version.[39m
[36mvite v7.2.4 [32mbuilding client environment for production...[36m[39m
transforming...
Error: Cannot apply unknown utility class `bg-light`
    at onInvalidCandidate (C:\Users\Rukhya Shaik\project-binaried-tech\frontend\node_modules\tailwindcss\dist\lib.js:21:1511)
    at Te (C:\Users\Rukhya Shaik\project-binaried-tech\frontend\node_modules\tailwindcss\dist\lib.js:16:36364)
    at C:\Users\Rukhya Shaik\project-binaried-tech\frontend\node_modules\tailwindcss\dist\lib.js:21:355
    at Tr (C:\Users\Rukhya Shaik\project-binaried-tech\frontend\node_modules\tailwindcss\dist\lib.js:3:1718)
    at _ (C:\Users\Rukhya Shaik\project-binaried-tech\frontend\node_modules\tailwindcss\dist\lib.js:3:1377)
    at Se (C:\Users\Rukhya Shaik\project-binaried-tech\frontend\node_modules\tailwindcss\dist\lib.js:21:172)
    at ln (C:\Users\Rukhya Shaik\project-binaried-tech\frontend\node_modules\tailwindcss\dist\lib.js:38:294)
    at async sn (C:\Users\Rukhya Shaik\project-binaried-tech\frontend\node_modules\tailwindcss\dist\lib.js:38:631)
    at async Qr (C:\Users\Rukhya Shaik\project-binaried-tech\frontend\node_modules\@tailwindcss\node\dist\index.js:10:3385)
    at async I (C:\Users\Rukhya Shaik\project-binaried-tech\frontend\node_modules\@tailwindcss\postcss\dist\index.js:10:3978)
[32m✓[39m 28 modules transformed.
[31m✗[39m Build failed in 654ms
[31merror during build:
[31m[vite:css] [postcss] tailwindcss: C:/Users/Rukhya Shaik/project-binaried-tech/frontend/src/index.css:1:1: Cannot apply unknown utility class `bg-light`[31m
file: [36mC:/Users/Rukhya Shaik/project-binaried-tech/frontend/src/index.css:1:0[31m
    at Input.error (C:\Users\Rukhya Shaik\project-binaried-tech\frontend\node_modules\postcss\lib\input.js:135:16)
    at Root.error (C:\Users\Rukhya Shaik\project-binaried-tech\frontend\node_modules\postcss\lib\node.js:146:32)
    at Object.Once (C:\Users\Rukhya Shaik\project-binaried-tech\frontend\node_modules\@tailwindcss\postcss\dist\index.js:10:6912)
    at async LazyResult.runAsync (C:\Users\Rukhya Shaik\project-binaried-tech\frontend\node_modules\postcss\lib\lazy-result.js:293:11)
    at async runPostCSS (file:///C:/Users/Rukhya%20Shaik/project-binaried-tech/frontend/node_modules/vite/dist/node/chunks/config.js:30793:19)
    at async compilePostCSS (file:///C:/Users/Rukhya%20Shaik/project-binaried-tech/frontend/node_modules/vite/dist/node/chunks/config.js:30777:6)
    at async compileCSS (file:///C:/Users/Rukhya%20Shaik/project-binaried-tech/frontend/node_modules/vite/dist/node/chunks/config.js:30707:26)
    at async Object.handler (file:///C:/Users/Rukhya%20Shaik/project-binaried-tech/frontend/node_modules/vite/dist/node/chunks/config.js:30240:54)
    at async transform (file:///C:/Users/Rukhya%20Shaik/project-binaried-tech/frontend/node_modules/rollup/dist/es/shared/node-entry.js:21163:16)
    at async ModuleLoader.addModuleSource (file:///C:/Users/Rukhya%20Shaik/project-binaried-tech/frontend/node_modules/rollup/dist/es/shared/node-entry.js:21377:36)[39m
